ERROR: Unterminated string literal
 --> 2:1
  |
2 | "this string has no close quote
  | ^-----------------------------^
