ERROR: at 'class': Expected expression, got Class
 --> 2:14
  |
2 | while (true) class Foo {}
  |              ^---^
