ERROR: Expected 2 arguments in function call but got 1
 --> 3:1
  |
3 | f(1); // expect runtime error: Expected 2 arguments but got 1.
  | ^--^
