ERROR: Cannot have more than 255 arguments in function call
   --> 3:3
    |
3   |   true.method(
    |   ^-----------
4   |      a, // 1
    | ------------
5   |      a, // 2
    | ------------
6   |      a, // 3
    | ------------
7   |      a, // 4
    | ------------
8   |      a, // 5
    | ------------
9   |      a, // 6
    | ------------
10  |      a, // 7
    | ------------
11  |      a, // 8
    | ------------
12  |      a, // 9
    | ------------
13  |      a, // 10
    | -------------
14  |      a, // 11
    | -------------
15  |      a, // 12
    | -------------
16  |      a, // 13
    | -------------
17  |      a, // 14
    | -------------
18  |      a, // 15
    | -------------
19  |      a, // 16
    | -------------
20  |      a, // 17
    | -------------
21  |      a, // 18
    | -------------
22  |      a, // 19
    | -------------
23  |      a, // 20
    | -------------
24  |      a, // 21
    | -------------
25  |      a, // 22
    | -------------
26  |      a, // 23
    | -------------
27  |      a, // 24
    | -------------
28  |      a, // 25
    | -------------
29  |      a, // 26
    | -------------
30  |      a, // 27
    | -------------
31  |      a, // 28
    | -------------
32  |      a, // 29
    | -------------
33  |      a, // 30
    | -------------
34  |      a, // 31
    | -------------
35  |      a, // 32
    | -------------
36  |      a, // 33
    | -------------
37  |      a, // 34
    | -------------
38  |      a, // 35
    | -------------
39  |      a, // 36
    | -------------
40  |      a, // 37
    | -------------
41  |      a, // 38
    | -------------
42  |      a, // 39
    | -------------
43  |      a, // 40
    | -------------
44  |      a, // 41
    | -------------
45  |      a, // 42
    | -------------
46  |      a, // 43
    | -------------
47  |      a, // 44
    | -------------
48  |      a, // 45
    | -------------
49  |      a, // 46
    | -------------
50  |      a, // 47
    | -------------
51  |      a, // 48
    | -------------
52  |      a, // 49
    | -------------
53  |      a, // 50
    | -------------
54  |      a, // 51
    | -------------
55  |      a, // 52
    | -------------
56  |      a, // 53
    | -------------
57  |      a, // 54
    | -------------
58  |      a, // 55
    | -------------
59  |      a, // 56
    | -------------
60  |      a, // 57
    | -------------
61  |      a, // 58
    | -------------
62  |      a, // 59
    | -------------
63  |      a, // 60
    | -------------
64  |      a, // 61
    | -------------
65  |      a, // 62
    | -------------
66  |      a, // 63
    | -------------
67  |      a, // 64
    | -------------
68  |      a, // 65
    | -------------
69  |      a, // 66
    | -------------
70  |      a, // 67
    | -------------
71  |      a, // 68
    | -------------
72  |      a, // 69
    | -------------
73  |      a, // 70
    | -------------
74  |      a, // 71
    | -------------
75  |      a, // 72
    | -------------
76  |      a, // 73
    | -------------
77  |      a, // 74
    | -------------
78  |      a, // 75
    | -------------
79  |      a, // 76
    | -------------
80  |      a, // 77
    | -------------
81  |      a, // 78
    | -------------
82  |      a, // 79
    | -------------
83  |      a, // 80
    | -------------
84  |      a, // 81
    | -------------
85  |      a, // 82
    | -------------
86  |      a, // 83
    | -------------
87  |      a, // 84
    | -------------
88  |      a, // 85
    | -------------
89  |      a, // 86
    | -------------
90  |      a, // 87
    | -------------
91  |      a, // 88
    | -------------
92  |      a, // 89
    | -------------
93  |      a, // 90
    | -------------
94  |      a, // 91
    | -------------
95  |      a, // 92
    | -------------
96  |      a, // 93
    | -------------
97  |      a, // 94
    | -------------
98  |      a, // 95
    | -------------
99  |      a, // 96
    | -------------
100 |      a, // 97
    | -------------
101 |      a, // 98
    | -------------
102 |      a, // 99
    | -------------
103 |      a, // 100
    | --------------
104 |      a, // 101
    | --------------
105 |      a, // 102
    | --------------
106 |      a, // 103
    | --------------
107 |      a, // 104
    | --------------
108 |      a, // 105
    | --------------
109 |      a, // 106
    | --------------
110 |      a, // 107
    | --------------
111 |      a, // 108
    | --------------
112 |      a, // 109
    | --------------
113 |      a, // 110
    | --------------
114 |      a, // 111
    | --------------
115 |      a, // 112
    | --------------
116 |      a, // 113
    | --------------
117 |      a, // 114
    | --------------
118 |      a, // 115
    | --------------
119 |      a, // 116
    | --------------
120 |      a, // 117
    | --------------
121 |      a, // 118
    | --------------
122 |      a, // 119
    | --------------
123 |      a, // 120
    | --------------
124 |      a, // 121
    | --------------
125 |      a, // 122
    | --------------
126 |      a, // 123
    | --------------
127 |      a, // 124
    | --------------
128 |      a, // 125
    | --------------
129 |      a, // 126
    | --------------
130 |      a, // 127
    | --------------
131 |      a, // 128
    | --------------
132 |      a, // 129
    | --------------
133 |      a, // 130
    | --------------
134 |      a, // 131
    | --------------
135 |      a, // 132
    | --------------
136 |      a, // 133
    | --------------
137 |      a, // 134
    | --------------
138 |      a, // 135
    | --------------
139 |      a, // 136
    | --------------
140 |      a, // 137
    | --------------
141 |      a, // 138
    | --------------
142 |      a, // 139
    | --------------
143 |      a, // 140
    | --------------
144 |      a, // 141
    | --------------
145 |      a, // 142
    | --------------
146 |      a, // 143
    | --------------
147 |      a, // 144
    | --------------
148 |      a, // 145
    | --------------
149 |      a, // 146
    | --------------
150 |      a, // 147
    | --------------
151 |      a, // 148
    | --------------
152 |      a, // 149
    | --------------
153 |      a, // 150
    | --------------
154 |      a, // 151
    | --------------
155 |      a, // 152
    | --------------
156 |      a, // 153
    | --------------
157 |      a, // 154
    | --------------
158 |      a, // 155
    | --------------
159 |      a, // 156
    | --------------
160 |      a, // 157
    | --------------
161 |      a, // 158
    | --------------
162 |      a, // 159
    | --------------
163 |      a, // 160
    | --------------
164 |      a, // 161
    | --------------
165 |      a, // 162
    | --------------
166 |      a, // 163
    | --------------
167 |      a, // 164
    | --------------
168 |      a, // 165
    | --------------
169 |      a, // 166
    | --------------
170 |      a, // 167
    | --------------
171 |      a, // 168
    | --------------
172 |      a, // 169
    | --------------
173 |      a, // 170
    | --------------
174 |      a, // 171
    | --------------
175 |      a, // 172
    | --------------
176 |      a, // 173
    | --------------
177 |      a, // 174
    | --------------
178 |      a, // 175
    | --------------
179 |      a, // 176
    | --------------
180 |      a, // 177
    | --------------
181 |      a, // 178
    | --------------
182 |      a, // 179
    | --------------
183 |      a, // 180
    | --------------
184 |      a, // 181
    | --------------
185 |      a, // 182
    | --------------
186 |      a, // 183
    | --------------
187 |      a, // 184
    | --------------
188 |      a, // 185
    | --------------
189 |      a, // 186
    | --------------
190 |      a, // 187
    | --------------
191 |      a, // 188
    | --------------
192 |      a, // 189
    | --------------
193 |      a, // 190
    | --------------
194 |      a, // 191
    | --------------
195 |      a, // 192
    | --------------
196 |      a, // 193
    | --------------
197 |      a, // 194
    | --------------
198 |      a, // 195
    | --------------
199 |      a, // 196
    | --------------
200 |      a, // 197
    | --------------
201 |      a, // 198
    | --------------
202 |      a, // 199
    | --------------
203 |      a, // 200
    | --------------
204 |      a, // 201
    | --------------
205 |      a, // 202
    | --------------
206 |      a, // 203
    | --------------
207 |      a, // 204
    | --------------
208 |      a, // 205
    | --------------
209 |      a, // 206
    | --------------
210 |      a, // 207
    | --------------
211 |      a, // 208
    | --------------
212 |      a, // 209
    | --------------
213 |      a, // 210
    | --------------
214 |      a, // 211
    | --------------
215 |      a, // 212
    | --------------
216 |      a, // 213
    | --------------
217 |      a, // 214
    | --------------
218 |      a, // 215
    | --------------
219 |      a, // 216
    | --------------
220 |      a, // 217
    | --------------
221 |      a, // 218
    | --------------
222 |      a, // 219
    | --------------
223 |      a, // 220
    | --------------
224 |      a, // 221
    | --------------
225 |      a, // 222
    | --------------
226 |      a, // 223
    | --------------
227 |      a, // 224
    | --------------
228 |      a, // 225
    | --------------
229 |      a, // 226
    | --------------
230 |      a, // 227
    | --------------
231 |      a, // 228
    | --------------
232 |      a, // 229
    | --------------
233 |      a, // 230
    | --------------
234 |      a, // 231
    | --------------
235 |      a, // 232
    | --------------
236 |      a, // 233
    | --------------
237 |      a, // 234
    | --------------
238 |      a, // 235
    | --------------
239 |      a, // 236
    | --------------
240 |      a, // 237
    | --------------
241 |      a, // 238
    | --------------
242 |      a, // 239
    | --------------
243 |      a, // 240
    | --------------
244 |      a, // 241
    | --------------
245 |      a, // 242
    | --------------
246 |      a, // 243
    | --------------
247 |      a, // 244
    | --------------
248 |      a, // 245
    | --------------
249 |      a, // 246
    | --------------
250 |      a, // 247
    | --------------
251 |      a, // 248
    | --------------
252 |      a, // 249
    | --------------
253 |      a, // 250
    | --------------
254 |      a, // 251
    | --------------
255 |      a, // 252
    | --------------
256 |      a, // 253
    | --------------
257 |      a, // 254
    | --------------
258 |      a, // 255
    | --------^


ERROR: Only class instances have properties
 --> 3:3
  |
3 |   true.method(
  |   ^---------^
