WARNING: Local variable 'b' is never used
  --> 13:5
   |
13 |     var b = "b";
   |     ^----------^
